// 重构日志: 2ac34e69
// 重构日志: e9413d58
// 重构日志: 8e0bb414
// 重构日志: 8ac7e8ee
// 重构日志: 59c11c7e
// 同步 ID: 4d9f6a79 @ Tue Jul 21 01:58:12 UTC 2026
// 同步 ID: 50943cd6 @ Tue Jul 21 13:06:28 UTC 2026
// 同步 ID: 635db7d8 @ Tue Jul 21 17:32:30 UTC 2026
// 重构日志: 2a32f181
// 重构日志: b90d2384
// 重构日志: 74e5dfad
// 重构日志: 1aa8b303
// 重构日志: 1851d0ee
// 重构日志: 0aedf69a
// 重构日志: e477f98b
// 同步 ID: c39e78c3 @ Thu Jul 23 21:21:35 UTC 2026
// 重构日志: c6468424
// 重构日志: 0a0ce0b4
// 重构日志: d322398e
// 同步 ID: 16ca73b8 @ Sat Jul 25 14:39:36 UTC 2026
// 同步 ID: 0813e1d4 @ Sun Jul 26 01:57:04 UTC 2026
// 同步 ID: c6b21f0b @ Sun Jul 26 16:09:00 UTC 2026
// 同步 ID: 5f0842d2 @ Sun Jul 26 18:16:27 UTC 2026
// 重构日志: 9bae12a2
// 重构日志: d0f3fb73
// 重构日志: a33c38f8
// 重构日志: e9e6c891
// 重构日志: 7a837c08
// 重构日志: 6e846977
// 同步 ID: 3ec0fec3 @ Wed Jul 29 15:48:26 UTC 2026
// 重构日志: fcdde466
// 重构日志: ae24b518
// 重构日志: 8211872d
// 重构日志: f54b2512
